// Jest Snapshot v1, https://goo.gl/fbAQLP

exports[`Button should indeed render correctly 1`] = `
<button
  className="button"
  onClick={[Function]}
/>
`;
