// Jest Snapshot v1, https://goo.gl/fbAQLP

exports[`TextInput should match snapshot 1`] = `
<div
  className="TextInput"
>
  <input
    name="Name"
    onChange={[Function]}
    placeholder="Label"
    value="Value"
  />
</div>
`;
